[www.Grand Trading.com/index.html]
[backblue.gif]
[fade.gif]
[index.html]
[cdnjs.cloudflare.com/ajax/libs/alpinejs/3.12.0/cdn.min.js]
[cdn.jsdelivr.net/npm/aos@2.3.4/dist/aos.css]
[cdnjs.cloudflare.com/ajax/libs/font-awesome/6.5.0/css/all.min.css]
[www.Grand Trading.com/storage/app/public/photos/9eACMXc41vUHLn8WR2IzQyIREJx8UkkqQjDTAHQB.png]
[www.Grand Trading.com/login.html]
[www.Grand Trading.com/register.html]
[www.Grand Trading.com/trade.html]
[www.Grand Trading.com/copy.html]
[www.Grand Trading.com/automate.html]
[www.Grand Trading.com/about.html]
[www.Grand Trading.com/why-us.html]
[www.Grand Trading.com/faq.html]
[www.Grand Trading.com/legal-info]
[www.Grand Trading.com/video/medium.mp4]
[www.Grand Trading.com/temp/custom/imge2.jpg]
[www.Grand Trading.com/temp/custom/imge3.jpg]
[www.Grand Trading.com/temp/custom/imge4.jpg]
[www.Grand Trading.com/temp/custom/imge5.jpg]
[www.Grand Trading.com/temp/custom/jenny.jpg]
[www.Grand Trading.com/temp/custom/mike.jpg]
[www.Grand Trading.com/temp/custom/kathy.jpg]
[www.Grand Trading.com/for-traders.html]
[www.Grand Trading.com/contacts.html]
[www.Grand Trading.com/contact.html]
[www.Grand Trading.com/terms.html]
[www.Grand Trading.com/privacy.html]
[cdn.jsdelivr.net/npm/aos@2.3.4/dist/aos.js]
[www.smartsuppchat.com/loaderd41d.js]
[www.Grand Trading.com/“https_/www.smartsupp.com”]
[www.Grand Trading.com/index.html]
[cdn.jsdelivr.net/npm/aos@2.3.4/dist/aos.css]
[cdnjs.cloudflare.com/ajax/libs/font-awesome/6.5.0/css/all.min.css]
[cdn.gtranslate.net/widgets/latest/float.js]
[www.Grand Trading.com/storage/app/public/photos/4zkYusmQPvDz9FMoZHFYWINNZ00mnyHoSq84251D.png]
[cdn.jsdelivr.net/npm/alpinejs@3.x.x/dist/cdn.min.js]
[unpkg.com/lucide@0.562.0/dist/umd/lucide.js]
[www.Grand Trading.com/temp/custom/css/bootstrap.min.css]
[www.Grand Trading.com/temp/custom/js/jquery.min.js]
[www.Grand Trading.com/temp/custom/js/popper.min.js]
[www.Grand Trading.com/temp/custom/js/bootstrap.min.js]
[www.Grand Trading.com/temp/custom/css/main.css]
[www.Grand Trading.com/temp/custom/js/manifest.json]
[www.Grand Trading.com/login.html]
[www.Grand Trading.com/forgot-password.html]
[www.Grand Trading.com/rules]
[www.Grand Trading.com/register.html]
[unpkg.com/alpinejs@3.15.3/dist/cdn.min.js]
[cdnjs.cloudflare.com/ajax/libs/font-awesome/6.4.0/css/all.min.css]
[code.jquery.com/jquery-3.6.0.min.js]
[www.Grand Trading.com/cryptocurrencies.html]
[www.Grand Trading.com/forex.html]
[www.Grand Trading.com/shares.html]
[www.Grand Trading.com/indices.html]
[www.Grand Trading.com/etfs.html]
[www.Grand Trading.com/regulation.html]
[www.Grand Trading.com/temp/custom/img/commission-scheme-crypt1t.png]
[www.Grand Trading.com/trade.html]
[www.Grand Trading.com/copy.html]
[www.Grand Trading.com/automate.html]
[www.Grand Trading.com/temp/custom/img/users.png]
[www.Grand Trading.com/temp/custom/img/website.png]
[www.Grand Trading.com/temp/custom/img/speed.png]
[www.Grand Trading.com/temp/custom/img/1497835.png]
[www.Grand Trading.com/temp/custom/img/commission-scheme-crypt1d.png]
[www.Grand Trading.com/temp/custom/img/abt.png]
[www.Grand Trading.com/about.html]
[www.Grand Trading.com/why-us.html]
[www.Grand Trading.com/faq.html]
[www.Grand Trading.com/legal-info.html]
[www.Grand Trading.com/temp/custom/imge1.jpg]
[www.Grand Trading.com/for-traders.html]
[www.Grand Trading.com/contacts.html]
[www.Grand Trading.com/contact.html]
[www.Grand Trading.com/terms.html]
[www.Grand Trading.com/privacy.html]
[www.Grand Trading.com/“https_/www.smartsupp.html]
[www.Grand Trading.com/temp/custom/css/bootstrap.min.html]
[www.Grand Trading.com/temp/custom/js/jquery.min.html]
[www.Grand Trading.com/temp/custom/js/popper.min.html]
[www.Grand Trading.com/temp/custom/js/bootstrap.min.html]
[www.Grand Trading.com/temp/custom/css/main.html]
[www.Grand Trading.com/temp/custom/js/manifest.html]
[www.Grand Trading.com/forgot-password.html]
[www.Grand Trading.com/rules.html]
[translate.google.com/translate_a/elementa0d8a0d8.html]
[cdnjs.cloudflare.com/ajax/libs/font-awesome/6.4.0/css/all.min.css]
[www.Grand Trading.com/dash/tether-usdt-logo.png]
[www.Grand Trading.com/temp/custom/img/commission-scheme-crypt1t1.png]
[www.Grand Trading.com/cryptocurrencies.html]
[www.Grand Trading.com/forex.html]
[www.Grand Trading.com/shares.html]
[www.Grand Trading.com/trading-conditions.html]
[www.Grand Trading.com/indices.html]
[www.Grand Trading.com/etfs.html]
[www.Grand Trading.com/regulation.html]
[www.Grand Trading.com/dash/bitcoin-btc-logo.png]
[www.Grand Trading.com/dash/ethereum-eth-logo.png]
[www.Grand Trading.com/trading-conditions.html]
[s3.tradingview.com/external-embedding/embed-widget-ticker-tape.js]
[s3.tradingview.com/external-embedding/embed-widget-market-overview.js]
